******************************************************************************
                  MSP430 Linker PC v4.2.1                      
******************************************************************************
>> Linked Wed Feb 26 17:34:42 2014

OUTPUT FILE NAME:   <GraceTest.out>
ENTRY POINT SYMBOL: "_c_int00"  address: 0000fd6e


MEMORY CONFIGURATION

         name            origin    length      used     unused   attr    fill
----------------------  --------  ---------  --------  --------  ----  --------
  SFR                   00000000   00000010  00000000  00000010  RWIX
  PERIPHERALS_8BIT      00000010   000000f0  00000000  000000f0  RWIX
  PERIPHERALS_16BIT     00000100   00000100  00000000  00000100  RWIX
  RAM                   00000200   00000080  00000020  00000060  RWIX
  INFOD                 00001000   00000040  00000000  00000040  RWIX
  INFOC                 00001040   00000040  00000000  00000040  RWIX
  INFOB                 00001080   00000040  00000000  00000040  RWIX
  INFOA                 000010c0   00000040  00000000  00000040  RWIX
  FLASH                 0000f800   000007e0  00000634  000001ac  RWIX
  INT00                 0000ffe0   00000002  00000000  00000002  RWIX
  INT01                 0000ffe2   00000002  00000000  00000002  RWIX
  INT02                 0000ffe4   00000002  00000002  00000000  RWIX
  INT03                 0000ffe6   00000002  00000002  00000000  RWIX
  INT04                 0000ffe8   00000002  00000002  00000000  RWIX
  INT05                 0000ffea   00000002  00000002  00000000  RWIX
  INT06                 0000ffec   00000002  00000000  00000002  RWIX
  INT07                 0000ffee   00000002  00000000  00000002  RWIX
  INT08                 0000fff0   00000002  00000002  00000000  RWIX
  INT09                 0000fff2   00000002  00000002  00000000  RWIX
  INT10                 0000fff4   00000002  00000002  00000000  RWIX
  INT11                 0000fff6   00000002  00000000  00000002  RWIX
  INT12                 0000fff8   00000002  00000000  00000002  RWIX
  INT13                 0000fffa   00000002  00000000  00000002  RWIX
  INT14                 0000fffc   00000002  00000002  00000000  RWIX
  RESET                 0000fffe   00000002  00000002  00000000  RWIX


SECTION ALLOCATION MAP

 output                                  attributes/
section   page    origin      length       input sections
--------  ----  ----------  ----------   ----------------
xdc.meta   0    00000000    000000e8     COPY SECTION
                  00000000    000000e8     led_pe430.oe430 (xdc.meta)

.cinit     0    0000f800    00000000     UNINITIALIZED

.init_array 
*          0    0000f800    00000000     UNINITIALIZED

.stack     0    00000260    00000020     UNINITIALIZED
                  00000260    00000002     ti.targets.msp430.rts430.ae430 : boot.oe430 (.stack)
                  00000262    0000001e     --HOLE--

.text      0    0000f800    00000634     
                  0000f800    00000254     led.obj (.text:intro)
                  0000fa54    00000224     led.obj (.text:verse)
                  0000fc78    0000006a     ti.targets.msp430.rts430.ae430 : autoinit.oe430 (.text:_auto_init)
                  0000fce2    0000003a     led.obj (.text:note)
                  0000fd1c    0000002a     grace.lib : GPIO_init.obj (.text:GPIO_graceInit)
                  0000fd46    00000028               : BCSplus_init.obj (.text:BCSplus_graceInit)
                  0000fd6e    00000026     ti.targets.msp430.rts430.ae430 : boot.oe430 (.text:_c_int00_noexit)
                  0000fd94    00000024     led.obj (.text:main)
                  0000fdb8    00000020     grace.lib : Grace_init.obj (.text:Grace_init)
                  0000fdd8    0000001a               : Timer_A2_init.obj (.text:Timer_A2_graceInit)
                  0000fdf2    00000016     rts430_eabi.lib : div16u.obj (.text)
                  0000fe08    00000010                     : epilog.obj (.text)
                  0000fe18    00000008     grace.lib : WDTplus_init.obj (.text:WDTplus_graceInit)
                  0000fe20    00000006     rts430_eabi.lib : isr_trap.obj (.text:__TI_ISR_TRAP)
                  0000fe26    00000004     grace.lib : System_init.obj (.text:System_graceInit)
                  0000fe2a    00000004     ti.targets.msp430.rts430.ae430 : pre_init.oe430 (.text:_system_pre_init)
                  0000fe2e    00000004     rts430_eabi.lib : exit.obj (.text:abort)
                  0000fe32    00000002     grace.lib : InterruptVectors_init.obj (.text:InterruptVectors_graceInit)

PORT1      0    0000ffe4    00000002     
                  0000ffe4    00000002     rts430_eabi.lib : int02.obj (.int02)

PORT2      0    0000ffe6    00000002     
                  0000ffe6    00000002     rts430_eabi.lib : int03.obj (.int03)

USI        0    0000ffe8    00000002     
                  0000ffe8    00000002     rts430_eabi.lib : int04.obj (.int04)

ADC10      0    0000ffea    00000002     
                  0000ffea    00000002     rts430_eabi.lib : int05.obj (.int05)

TIMERA1    0    0000fff0    00000002     
                  0000fff0    00000002     rts430_eabi.lib : int08.obj (.int08)

TIMERA0    0    0000fff2    00000002     
                  0000fff2    00000002     rts430_eabi.lib : int09.obj (.int09)

WDT        0    0000fff4    00000002     
                  0000fff4    00000002     rts430_eabi.lib : int10.obj (.int10)

NMI        0    0000fffc    00000002     
                  0000fffc    00000002     rts430_eabi.lib : int14.obj (.int14)

.reset     0    0000fffe    00000002     
                  0000fffe    00000002     ti.targets.msp430.rts430.ae430 : boot.oe430 (.reset)


GLOBAL SYMBOLS: SORTED ALPHABETICALLY BY Name 

address    name
--------   ----
0000004a   ADC10AE0
000001b0   ADC10CTL0
000001b2   ADC10CTL1
00000048   ADC10DTC0
00000049   ADC10DTC1
000001b4   ADC10MEM
000001bc   ADC10SA
00000057   BCSCTL1
00000058   BCSCTL2
00000053   BCSCTL3
0000fd46   BCSplus_graceInit
0000fe2e   C$$EXIT
000010ff   CALBC1_1MHZ
000010fe   CALDCO_1MHZ
00000056   DCOCTL
00000128   FCTL1
0000012a   FCTL2
0000012c   FCTL3
0000fd1c   GPIO_graceInit
0000fdb8   Grace_init
00000000   IE1
00000002   IFG1
0000fe32   InterruptVectors_graceInit
00000022   P1DIR
00000025   P1IE
00000024   P1IES
00000023   P1IFG
00000020   P1IN
00000021   P1OUT
00000027   P1REN
00000026   P1SEL
0000002a   P2DIR
0000002d   P2IE
0000002c   P2IES
0000002b   P2IFG
00000028   P2IN
00000029   P2OUT
0000002f   P2REN
0000002e   P2SEL
0000fe26   System_graceInit
00000172   TACCR0
00000174   TACCR1
00000162   TACCTL0
00000164   TACCTL1
00000160   TACTL
0000012e   TAIV
00000170   TAR
0000fdd8   Timer_A2_graceInit
0000007a   USICCTL
0000007a   USICKCTL
0000007b   USICNT
00000078   USICTL
00000078   USICTL0
00000079   USICTL1
0000007c   USISR
0000007d   USISRH
0000007c   USISRL
00000120   WDTCTL
0000fe18   WDTplus_graceInit
00000000   __ASM__
0000005e   __ISA__
00000070   __PLAT__
00000280   __STACK_END
00000020   __STACK_SIZE
00000094   __TARG__
UNDEFED    __TI_CINIT_Base
UNDEFED    __TI_CINIT_Limit
UNDEFED    __TI_Handler_Table_Base
UNDEFED    __TI_Handler_Table_Limit
UNDEFED    __TI_INITARRAY_Base
UNDEFED    __TI_INITARRAY_Limit
0000fe20   __TI_ISR_TRAP
00000001   __TI_args_main
00000001   __TI_exit
0000ffe4   __TI_int02
0000ffe6   __TI_int03
0000ffe8   __TI_int04
0000ffea   __TI_int05
0000fff0   __TI_int08
0000fff2   __TI_int09
0000fff4   __TI_int10
0000fffc   __TI_int14
000000c0   __TRDR__
ffffffff   __binit__
ffffffff   __c_args__
0000fdf2   __mspabi_divu
0000fe14   __mspabi_func_epilog_1
0000fe12   __mspabi_func_epilog_2
0000fe10   __mspabi_func_epilog_3
0000fe0e   __mspabi_func_epilog_4
0000fe0c   __mspabi_func_epilog_5
0000fe0a   __mspabi_func_epilog_6
0000fe08   __mspabi_func_epilog_7
0000fdf2   __mspabi_remu
0000fc78   _auto_init
0000fd6e   _c_int00
0000fd6e   _c_int00_noexit
0000fffe   _reset_vector
00000260   _stack
0000fe2a   _system_pre_init
0000fe2e   abort
ffffffff   binit
0000f800   intro
0000fd94   main
0000fce2   note
0000fa54   verse
00000000   xdc_runtime_Startup__EXECFXN__C
00000000   xdc_runtime_Startup__RESETFXN__C
00000000   xdc_runtime_Startup_exec__E
00000000   xdc_runtime_Startup_reset__I


GLOBAL SYMBOLS: SORTED BY Symbol Address 

address    name
--------   ----
00000000   IE1
00000000   __ASM__
00000000   xdc_runtime_Startup__EXECFXN__C
00000000   xdc_runtime_Startup__RESETFXN__C
00000000   xdc_runtime_Startup_exec__E
00000000   xdc_runtime_Startup_reset__I
00000001   __TI_args_main
00000001   __TI_exit
00000002   IFG1
00000020   P1IN
00000020   __STACK_SIZE
00000021   P1OUT
00000022   P1DIR
00000023   P1IFG
00000024   P1IES
00000025   P1IE
00000026   P1SEL
00000027   P1REN
00000028   P2IN
00000029   P2OUT
0000002a   P2DIR
0000002b   P2IFG
0000002c   P2IES
0000002d   P2IE
0000002e   P2SEL
0000002f   P2REN
00000048   ADC10DTC0
00000049   ADC10DTC1
0000004a   ADC10AE0
00000053   BCSCTL3
00000056   DCOCTL
00000057   BCSCTL1
00000058   BCSCTL2
0000005e   __ISA__
00000070   __PLAT__
00000078   USICTL
00000078   USICTL0
00000079   USICTL1
0000007a   USICCTL
0000007a   USICKCTL
0000007b   USICNT
0000007c   USISR
0000007c   USISRL
0000007d   USISRH
00000094   __TARG__
000000c0   __TRDR__
00000120   WDTCTL
00000128   FCTL1
0000012a   FCTL2
0000012c   FCTL3
0000012e   TAIV
00000160   TACTL
00000162   TACCTL0
00000164   TACCTL1
00000170   TAR
00000172   TACCR0
00000174   TACCR1
000001b0   ADC10CTL0
000001b2   ADC10CTL1
000001b4   ADC10MEM
000001bc   ADC10SA
00000260   _stack
00000280   __STACK_END
000010fe   CALDCO_1MHZ
000010ff   CALBC1_1MHZ
0000f800   intro
0000fa54   verse
0000fc78   _auto_init
0000fce2   note
0000fd1c   GPIO_graceInit
0000fd46   BCSplus_graceInit
0000fd6e   _c_int00
0000fd6e   _c_int00_noexit
0000fd94   main
0000fdb8   Grace_init
0000fdd8   Timer_A2_graceInit
0000fdf2   __mspabi_divu
0000fdf2   __mspabi_remu
0000fe08   __mspabi_func_epilog_7
0000fe0a   __mspabi_func_epilog_6
0000fe0c   __mspabi_func_epilog_5
0000fe0e   __mspabi_func_epilog_4
0000fe10   __mspabi_func_epilog_3
0000fe12   __mspabi_func_epilog_2
0000fe14   __mspabi_func_epilog_1
0000fe18   WDTplus_graceInit
0000fe20   __TI_ISR_TRAP
0000fe26   System_graceInit
0000fe2a   _system_pre_init
0000fe2e   C$$EXIT
0000fe2e   abort
0000fe32   InterruptVectors_graceInit
0000ffe4   __TI_int02
0000ffe6   __TI_int03
0000ffe8   __TI_int04
0000ffea   __TI_int05
0000fff0   __TI_int08
0000fff2   __TI_int09
0000fff4   __TI_int10
0000fffc   __TI_int14
0000fffe   _reset_vector
ffffffff   __binit__
ffffffff   __c_args__
ffffffff   binit
UNDEFED    __TI_CINIT_Base
UNDEFED    __TI_CINIT_Limit
UNDEFED    __TI_Handler_Table_Base
UNDEFED    __TI_Handler_Table_Limit
UNDEFED    __TI_INITARRAY_Base
UNDEFED    __TI_INITARRAY_Limit

[110 symbols]
